// Jest Snapshot v1, https://goo.gl/fbAQLP

exports[`server app Integration test snapshot demo 1`] = `
{
  "endDate": "someEndDate",
  "id": "1234",
  "room": "someRoom",
  "startDate": "someDate",
  "user": "someUser",
}
`;
